\BOOKMARK [1][-]{section.2}{\376\377\000I\000n\000t\000r\000o\000d\000u\000c\000t\000i\000o\000n}{}% 1
\BOOKMARK [1][-]{section.7}{\376\377\000C\000o\000n\000c\000e\000p\000t\000u\000a\000l\000\040\000F\000o\000u\000n\000d\000a\000t\000i\000o\000n\000s}{}% 2
\BOOKMARK [2][-]{subsection.8}{\376\377\000C\000y\000b\000e\000r\000n\000e\000t\000i\000c\000s\000:\000\040\000f\000e\000e\000d\000b\000a\000c\000k\000\040\000a\000s\000\040\000t\000h\000e\000\040\000o\000r\000g\000a\000n\000i\000s\000i\000n\000g\000\040\000p\000r\000i\000n\000c\000i\000p\000l\000e}{section.7}% 3
\BOOKMARK [2][-]{subsection.9}{\376\377\000M\000a\000c\000h\000i\000n\000e\000\040\000i\000n\000t\000e\000l\000l\000i\000g\000e\000n\000c\000e\000\040\000a\000n\000d\000\040\000t\000h\000e\000\040\000l\000i\000m\000i\000t\000s\000\040\000o\000f\000\040\000b\000e\000h\000a\000v\000i\000o\000u\000r\000a\000l\000\040\000i\000m\000i\000t\000a\000t\000i\000o\000n}{section.7}% 4
\BOOKMARK [2][-]{subsection.10}{\376\377\000S\000y\000n\000t\000a\000x\000,\000\040\000s\000e\000m\000a\000n\000t\000i\000c\000s\000,\000\040\000a\000n\000d\000\040\000t\000h\000e\000\040\000C\000h\000i\000n\000e\000s\000e\000\040\000R\000o\000o\000m}{section.7}% 5
\BOOKMARK [2][-]{subsection.11}{\376\377\000R\000e\000s\000p\000o\000n\000s\000i\000b\000i\000l\000i\000t\000y\000,\000\040\000m\000a\000n\000y\000\040\000h\000a\000n\000d\000s\000,\000\040\000a\000n\000d\000\040\000t\000h\000e\000\040\000r\000e\000s\000p\000o\000n\000s\000i\000b\000i\000l\000i\000t\000y\000\040\000g\000a\000p}{section.7}% 6
\BOOKMARK [1][-]{section.12}{\376\377\000T\000h\000e\000\040\000A\000g\000i\000l\000e\000-\000V\000S\000D\000\040\000m\000o\000d\000e\000l}{}% 7
\BOOKMARK [2][-]{subsection.13}{\376\377\000T\000h\000e\000\040\000A\000g\000i\000l\000e\000\040\000s\000p\000r\000i\000n\000t\000\040\000l\000o\000o\000p}{section.12}% 8
\BOOKMARK [2][-]{subsection.15}{\376\377\000E\000x\000p\000a\000n\000s\000i\000o\000n\000\040\000w\000i\000t\000h\000\040\000V\000a\000l\000u\000e\000\040\000S\000e\000n\000s\000i\000t\000i\000v\000e\000\040\000D\000e\000s\000i\000g\000n\000\040\000\050\000V\000S\000D\000\051}{section.12}% 9
\BOOKMARK [2][-]{subsection.18}{\376\377\000S\000t\000a\000k\000e\000h\000o\000l\000d\000e\000r\000\040\000t\000o\000k\000e\000n\000s\000\040\000a\000n\000d\000\040\000v\000a\000l\000u\000e\000\040\000s\000o\000u\000r\000c\000e\000\040\000a\000n\000a\000l\000y\000s\000i\000s}{section.12}% 10
\BOOKMARK [2][-]{subsection.20}{\376\377\000C\000o\000n\000n\000e\000c\000t\000i\000o\000n\000\040\000t\000o\000\040\000r\000e\000s\000p\000o\000n\000s\000i\000b\000i\000l\000i\000t\000y}{section.12}% 11
\BOOKMARK [1][-]{section.21}{\376\377\000C\000o\000n\000c\000e\000p\000t\000u\000a\000l\000\040\000E\000n\000g\000i\000n\000e\000e\000r\000i\000n\000g\000\040\000a\000n\000d\000\040\000t\000h\000e\000\040\000F\000i\000r\000s\000t\000\040\000V\000a\000l\000u\000e\000\040\000H\000i\000e\000r\000a\000r\000c\000h\000y}{}% 12
\BOOKMARK [2][-]{subsection.22}{\376\377\000W\000h\000y\000\040\000c\000o\000n\000c\000e\000p\000t\000u\000a\000l\000\040\000e\000n\000g\000i\000n\000e\000e\000r\000i\000n\000g\000\040\000i\000s\000\040\000n\000e\000e\000d\000e\000d}{section.21}% 13
\BOOKMARK [2][-]{subsection.23}{\376\377\000C\000o\000n\000c\000e\000p\000t\000u\000a\000l\000\040\000E\000n\000g\000i\000n\000e\000e\000r\000i\000n\000g\000\040\000i\000n\000s\000i\000d\000e\000\040\000s\000p\000r\000i\000n\000t\000\040\000p\000l\000a\000n\000n\000i\000n\000g}{section.21}% 14
\BOOKMARK [2][-]{subsection.27}{\376\377\000F\000i\000r\000s\000t\000\040\000v\000a\000l\000u\000e\000\040\000h\000i\000e\000r\000a\000r\000c\000h\000y}{section.21}% 15
\BOOKMARK [2][-]{subsection.29}{\376\377\000I\000n\000t\000e\000g\000r\000a\000t\000i\000o\000n\000\040\000w\000i\000t\000h\000\040\000t\000h\000e\000\040\000A\000g\000i\000l\000e\000-\000V\000S\000D\000\040\000l\000o\000o\000p}{section.21}% 16
\BOOKMARK [1][-]{section.30}{\376\377\000R\000e\000q\000u\000i\000r\000e\000m\000e\000n\000t\000s\000\040\000E\000n\000g\000i\000n\000e\000e\000r\000i\000n\000g\000\040\000t\000h\000r\000o\000u\000g\000h\000\040\000G\000O\000R\000E\000\040\000a\000n\000d\000\040\000S\000L\000E\000E\000C}{}% 17
\BOOKMARK [2][-]{subsection.31}{\376\377\000F\000r\000o\000m\000\040\000v\000a\000l\000u\000e\000s\000\040\000t\000o\000\040\000n\000o\000r\000m\000a\000t\000i\000v\000e\000\040\000g\000o\000a\000l\000s}{section.30}% 18
\BOOKMARK [2][-]{subsection.32}{\376\377\000G\000O\000R\000E\000\040\000a\000r\000t\000e\000f\000a\000c\000t\000s}{section.30}% 19
\BOOKMARK [2][-]{subsection.33}{\376\377\000F\000r\000o\000m\000\040\000n\000o\000r\000m\000a\000t\000i\000v\000e\000\040\000g\000o\000a\000l\000s\000\040\000t\000o\000\040\000S\000L\000E\000E\000C\000\040\000r\000u\000l\000e\000s}{section.30}% 20
\BOOKMARK [2][-]{subsection.44}{\376\377\000T\000e\000s\000t\000a\000b\000i\000l\000i\000t\000y\000\040\000a\000n\000d\000\040\000c\000o\000n\000f\000l\000i\000c\000t\000\040\000d\000e\000t\000e\000c\000t\000i\000o\000n}{section.30}% 21
\BOOKMARK [2][-]{subsection.45}{\376\377\000I\000n\000t\000e\000g\000r\000a\000t\000i\000o\000n\000\040\000w\000i\000t\000h\000\040\000t\000h\000e\000\040\000A\000g\000i\000l\000e\000-\000V\000S\000D\000\040\000f\000r\000a\000m\000e\000w\000o\000r\000k}{section.30}% 22
\BOOKMARK [1][-]{section.47}{\376\377\000D\000e\000v\000O\000p\000s\000\040\000a\000n\000d\000\040\000C\000o\000m\000p\000l\000i\000a\000n\000c\000e\000-\000a\000s\000-\000C\000o\000d\000e}{}% 23
\BOOKMARK [2][-]{subsection.48}{\376\377\000F\000r\000o\000m\000\040\000e\000t\000h\000i\000c\000a\000l\000\040\000r\000e\000q\000u\000i\000r\000e\000m\000e\000n\000t\000s\000\040\000t\000o\000\040\000p\000i\000p\000e\000l\000i\000n\000e\000\040\000c\000o\000n\000t\000r\000o\000l\000s}{section.47}% 24
\BOOKMARK [2][-]{subsection.49}{\376\377\000I\000n\000t\000e\000g\000r\000a\000t\000i\000o\000n\000\040\000w\000i\000t\000h\000\040\000A\000g\000i\000l\000e\000-\000V\000S\000D\000\040\000a\000n\000d\000\040\000G\000O\000R\000E\000-\000S\000L\000E\000E\000C}{section.47}% 25
\BOOKMARK [2][-]{subsection.51}{\376\377\000S\000h\000i\000f\000t\000-\000l\000e\000f\000t\000\040\000c\000o\000m\000p\000l\000i\000a\000n\000c\000e}{section.47}% 26
\BOOKMARK [2][-]{subsection.52}{\376\377\000P\000o\000l\000i\000c\000y\000-\000a\000s\000-\000C\000o\000d\000e\000\040\000t\000o\000o\000l\000s}{section.47}% 27
\BOOKMARK [2][-]{subsection.65}{\376\377\000A\000c\000t\000i\000v\000e\000\040\000a\000n\000d\000\040\000p\000a\000s\000s\000i\000v\000e\000\040\000r\000e\000s\000p\000o\000n\000s\000i\000b\000i\000l\000i\000t\000y\000\040\000i\000n\000\040\000D\000e\000v\000O\000p\000s}{section.47}% 28
\BOOKMARK [1][-]{section.66}{\376\377\000E\000x\000p\000a\000n\000s\000i\000o\000n\000\040\0003\000:\000\040\000M\000L\000O\000p\000s\000\040\000a\000n\000d\000\040\000R\000u\000n\000t\000i\000m\000e\000\040\000A\000s\000s\000u\000r\000a\000n\000c\000e}{}% 29
\BOOKMARK [2][-]{subsection.67}{\376\377\000W\000h\000y\000\040\000A\000I\000\040\000r\000e\000q\000u\000i\000r\000e\000s\000\040\000a\000\040\000f\000u\000r\000t\000h\000e\000r\000\040\000e\000x\000p\000a\000n\000s\000i\000o\000n}{section.66}% 30
\BOOKMARK [2][-]{subsection.69}{\376\377\000T\000h\000e\000\040\000W\000-\000s\000h\000a\000p\000e\000d\000\040\000A\000I\000\040\000l\000i\000f\000e\000c\000y\000c\000l\000e}{section.66}% 31
\BOOKMARK [2][-]{subsection.70}{\376\377\000D\000e\000s\000i\000g\000n\000-\000t\000i\000m\000e\000\040\000a\000s\000s\000u\000r\000a\000n\000c\000e}{section.66}% 32
\BOOKMARK [2][-]{subsection.71}{\376\377\000R\000u\000n\000t\000i\000m\000e\000\040\000a\000s\000s\000u\000r\000a\000n\000c\000e}{section.66}% 33
\BOOKMARK [2][-]{subsection.72}{\376\377\000M\000e\000a\000n\000i\000n\000g\000f\000u\000l\000\040\000H\000u\000m\000a\000n\000\040\000C\000o\000n\000t\000r\000o\000l}{section.66}% 34
\BOOKMARK [2][-]{subsection.73}{\376\377\000C\000o\000n\000n\000e\000c\000t\000i\000o\000n\000\040\000t\000o\000\040\000s\000u\000p\000e\000r\000i\000n\000t\000e\000l\000l\000i\000g\000e\000n\000c\000e\000\040\000a\000n\000d\000\040\000v\000a\000l\000u\000e\000\040\000a\000l\000i\000g\000n\000m\000e\000n\000t}{section.66}% 35
\BOOKMARK [1][-]{section.74}{\376\377\000I\000n\000t\000e\000g\000r\000a\000t\000e\000d\000\040\000F\000i\000n\000a\000l\000\040\000P\000i\000p\000e\000l\000i\000n\000e}{}% 36
\BOOKMARK [2][-]{subsection.75}{\376\377\000F\000i\000n\000a\000l\000\040\000l\000a\000y\000e\000r\000e\000d\000\040\000m\000o\000d\000e\000l}{section.74}% 37
\BOOKMARK [2][-]{subsection.77}{\376\377\000T\000r\000a\000c\000e\000a\000b\000i\000l\000i\000t\000y\000\040\000m\000a\000t\000r\000i\000x}{section.74}% 38
\BOOKMARK [1][-]{section.78}{\376\377\000M\000a\000p\000p\000i\000n\000g\000\040\000C\000o\000u\000r\000s\000e\000\040\000T\000o\000p\000i\000c\000s\000\040\000t\000o\000\040\000t\000h\000e\000\040\000P\000i\000p\000e\000l\000i\000n\000e}{}% 39
\BOOKMARK [1][-]{section.79}{\376\377\000I\000m\000p\000l\000e\000m\000e\000n\000t\000a\000t\000i\000o\000n\000\040\000B\000l\000u\000e\000p\000r\000i\000n\000t}{}% 40
\BOOKMARK [1][-]{section.87}{\376\377\000C\000o\000n\000c\000l\000u\000s\000i\000o\000n}{}% 41
